2026-09-19 01:52:14,700 - INFO - 
==================================================
=== Starting ETL process for Gold layer ===
==================================================
2026-09-19 01:52:14,701 - INFO - Starting Pre-Load Cleanup: Dropping FKs, Truncating, and Recreating FKs...
2026-09-19 01:52:14,741 - INFO - Step 1: Dropping Foreign Key constraints from fact_taxi_trips...
2026-09-19 01:52:14,747 - INFO - Step 2: Truncating Gold tables to reset identity counters...
2026-09-19 01:52:14,749 - INFO - Table gold.fact_taxi_trips truncated successfully.
2026-09-19 01:52:14,749 - INFO - Table gold.dim_date truncated successfully.
2026-09-19 01:52:14,750 - INFO - Table gold.dim_location truncated successfully.
2026-09-19 01:52:14,751 - INFO - Table gold.dim_weather truncated successfully.
2026-09-19 01:52:14,751 - INFO - Pre-Load Cleanup completed successfully. All Gold tables are empty.
2026-09-19 01:52:14,751 - INFO - Extracting data from silver.dim_date...
2026-09-19 01:52:14,765 - INFO - Successfully extracted 31 records from silver.dim_date.
2026-09-19 01:52:14,766 - INFO - Transforming dimension data for dim_date...
2026-09-19 01:52:14,767 - INFO - Successfully transformed dimension data for dim_date.
2026-09-19 01:52:14,767 - INFO - Loading data into gold.dim_date...
2026-09-19 01:52:14,783 - INFO - Successfully loaded 31 records into gold.dim_date.
2026-09-19 01:52:14,783 - INFO - Extracting data from silver.taxi_location...
2026-09-19 01:52:14,787 - INFO - Successfully extracted 265 records from silver.taxi_location.
2026-09-19 01:52:14,787 - INFO - Transforming dimension data for taxi_location...
2026-09-19 01:52:14,789 - INFO - Successfully transformed dimension data for taxi_location.
2026-09-19 01:52:14,789 - INFO - Loading data into gold.dim_location...
2026-09-19 01:52:14,812 - INFO - Successfully loaded 265 records into gold.dim_location.
2026-09-19 01:52:14,812 - INFO - Extracting data from silver.weather...
2026-09-19 01:52:14,825 - INFO - Successfully extracted 744 records from silver.weather.
2026-09-19 01:52:14,825 - INFO - Transforming dimension data for weather...
2026-09-19 01:52:14,828 - INFO - Successfully transformed dimension data for weather.
2026-09-19 01:52:14,828 - INFO - Loading data into gold.dim_weather...
2026-09-19 01:52:14,860 - INFO - Successfully loaded 744 records into gold.dim_weather.
2026-09-19 01:52:14,860 - INFO - Fetching lookup mapping (date_key, full_date) from dim_date...
2026-09-19 01:52:14,863 - INFO - Successfully retrieved 31 keys from gold.dim_date.
2026-09-19 01:52:14,864 - INFO - Fetching lookup mapping (location_key, location_id) from dim_location...
2026-09-19 01:52:14,869 - INFO - Successfully retrieved 265 keys from gold.dim_location.
2026-09-19 01:52:14,870 - INFO - Fetching lookup mapping (weather_key, weather_date) from dim_weather...
2026-09-19 01:52:14,878 - INFO - Successfully retrieved 744 keys from gold.dim_weather.
2026-09-19 01:52:14,878 - INFO - Extracting data from silver.taxi_trips...
2026-09-19 01:52:36,487 - INFO - Successfully extracted 3516916 records from silver.taxi_trips.
2026-09-19 01:52:36,488 - INFO - Starting transformations and key mapping for taxi_trips...
2026-09-19 01:52:36,488 - INFO - Initial row count from Silver: 3516916
2026-09-19 01:52:36,868 - INFO - Row count after Pickup Location merge: 3516916
2026-09-19 01:52:37,022 - INFO - Row count after Dropoff Location merge: 3516916
2026-09-19 01:52:37,215 - INFO - Row count after Pickup Date merge: 3516916
2026-09-19 01:52:37,745 - INFO - Row count after Dropoff Date merge: 3514675
2026-09-19 01:52:37,949 - INFO - Row count after Weather merge: 3514675
2026-09-19 01:52:37,961 - INFO - Successfully joined all surrogate keys and formatted metrics for taxi_trips.
2026-09-19 01:52:37,986 - INFO - Loading data into gold.fact_taxi_trips...
2026-09-19 01:54:13,013 - INFO - Successfully loaded 3514675 records into gold.fact_taxi_trips.
2026-09-19 01:54:13,013 - INFO - Starting Constraint Management Phase...
2026-09-19 01:54:13,013 - INFO - Recreating Foreign Key constraints on gold.fact_taxi_trips...
2026-09-19 01:54:16,608 - INFO - Successfully recreated all Foreign Key constraints on gold.fact_taxi_trips.
