2026-09-19 00:59:40,181 - INFO - 
==================================================
=== Starting ETL process for Silver layer ===
==================================================
2026-09-19 00:59:40,181 - INFO - Starting Extract data from bronze.date_raw...
2026-09-19 00:59:40,218 - INFO - Successfully extracted 31 records from bronze.date_raw.
2026-09-19 00:59:40,218 - INFO - Transforming data for dim_date...
2026-09-19 00:59:40,223 - INFO - Successfully transformed data for dim_date.
2026-09-19 00:59:40,224 - INFO - Table silver.dim_date truncated successfully.
2026-09-19 00:59:40,224 - INFO - Loading data into silver.dim_date...
2026-09-19 00:59:40,231 - INFO - Successfully loaded 31 records into silver.dim_date.
2026-09-19 00:59:40,231 - INFO - Starting Extract data from bronze.taxi_location_raw...
2026-09-19 00:59:40,234 - INFO - Successfully extracted 265 records from bronze.taxi_location_raw.
2026-09-19 00:59:40,234 - INFO - Transforming data for taxi_location...
2026-09-19 00:59:40,237 - INFO - Successfully transformed data for taxi_location.
2026-09-19 00:59:40,238 - INFO - Table silver.taxi_location truncated successfully.
2026-09-19 00:59:40,238 - INFO - Loading data into silver.taxi_location...
2026-09-19 00:59:40,247 - INFO - Successfully loaded 265 records into silver.taxi_location.
2026-09-19 00:59:40,247 - INFO - Starting Extract data from bronze.weather_raw...
2026-09-19 00:59:40,254 - INFO - Successfully extracted 744 records from bronze.weather_raw.
2026-09-19 00:59:40,254 - INFO - Transforming data for weather...
2026-09-19 00:59:40,266 - INFO - Successfully transformed data for weather.
2026-09-19 00:59:40,268 - INFO - Table silver.weather truncated successfully.
2026-09-19 00:59:40,268 - INFO - Loading data into silver.weather...
2026-09-19 00:59:40,301 - INFO - Successfully loaded 744 records into silver.weather.
2026-09-19 00:59:40,301 - INFO - Starting Extract data from bronze.taxi_trips_raw...
2026-09-19 01:00:01,768 - INFO - Successfully extracted 3724889 records from bronze.taxi_trips_raw.
2026-09-19 01:00:01,768 - INFO - Transforming data for taxi_trips...
2026-09-19 01:00:04,632 - INFO - Rows after dropping NULLs: 3724889
2026-09-19 01:00:04,954 - INFO - Rows after Date Filter: 3679812
2026-09-19 01:00:05,229 - INFO - Rows after Business Filter (Passengers, Fares, Distance): 3516916
2026-09-19 01:00:05,230 - INFO - Successfully transformed data for taxi_trips.
2026-09-19 01:00:05,235 - INFO - Table silver.taxi_trips truncated successfully.
2026-09-19 01:00:05,235 - INFO - Loading data into silver.taxi_trips...
2026-09-19 01:01:23,817 - INFO - Successfully loaded 3516916 records into silver.taxi_trips.
2026-09-19 01:01:23,817 - INFO - === ETL process for Silver layer completed successfully ===
